// Jest Snapshot v1, https://goo.gl/fbAQLP

exports[`Render DatePicker render correctly date component 1`] = `ShallowWrapper {}`;
