// Jest Snapshot v1, https://goo.gl/fbAQLP

exports[`Render Dropdown render correctly dropdown component 1`] = `ShallowWrapper {}`;
