// Jest Snapshot v1, https://goo.gl/fbAQLP

exports[`Render LoadingBar render correctly 1`] = `
<div
  className="isLoading"
/>
`;
